[2026-05-03 16:28:07 INFO]: [MLP] Starting MLP training.
[2026-05-03 16:28:07 INFO]: [MLP] Config: epochs=300, lr=0.01, batch=64, test_size=0.3
[2026-05-03 16:28:07 INFO]: [MLP] Dataset: 1500 samples | 4 features | 3 classes: ['setosa', 'versicolor', 'virginica']
[2026-05-03 16:28:07 INFO]: [MLP] Split: 1050 train / 450 val samples
[2026-05-03 16:28:07 INFO]: [MLP] Using cpu device.
[2026-05-03 16:28:08 INFO]: [MLP] Model architecture:
_NeuralNetwork(
  (flatten): Flatten(start_dim=1, end_dim=-1)
  (linear_relu_stack): Sequential(
    (0): Linear(in_features=4, out_features=8, bias=True)
    (1): ReLU()
    (2): Linear(in_features=8, out_features=8, bias=True)
    (3): ReLU()
    (4): Linear(in_features=8, out_features=3, bias=True)
  )
)
[2026-05-03 16:28:08 INFO]: [MLP] Epoch   1/300  |  Train => loss: 1.1563, acc: 0.3257  |  Val => loss: 1.1293, acc: 0.3422
[2026-05-03 16:28:08 INFO]: [MLP] Epoch  10/300  |  Train => loss: 1.0356, acc: 0.6486  |  Val => loss: 1.0251, acc: 0.6422
[2026-05-03 16:28:09 INFO]: [MLP] Epoch  20/300  |  Train => loss: 0.8488, acc: 0.6848  |  Val => loss: 0.8346, acc: 0.6800
[2026-05-03 16:28:09 INFO]: [MLP] Epoch  30/300  |  Train => loss: 0.6298, acc: 0.9286  |  Val => loss: 0.6147, acc: 0.9444
[2026-05-03 16:28:09 INFO]: [MLP] Epoch  40/300  |  Train => loss: 0.5031, acc: 0.8610  |  Val => loss: 0.4873, acc: 0.8578
[2026-05-03 16:28:09 INFO]: [MLP] Epoch  50/300  |  Train => loss: 0.4117, acc: 0.8838  |  Val => loss: 0.4000, acc: 0.8956
[2026-05-03 16:28:09 INFO]: [MLP] Epoch  60/300  |  Train => loss: 0.3577, acc: 0.9171  |  Val => loss: 0.3364, acc: 0.9289
[2026-05-03 16:28:10 INFO]: [MLP] Epoch  70/300  |  Train => loss: 0.3170, acc: 0.9343  |  Val => loss: 0.2863, acc: 0.9489
[2026-05-03 16:28:10 INFO]: [MLP] Epoch  80/300  |  Train => loss: 0.2816, acc: 0.9362  |  Val => loss: 0.2475, acc: 0.9533
[2026-05-03 16:28:10 INFO]: [MLP] Epoch  90/300  |  Train => loss: 0.2529, acc: 0.9419  |  Val => loss: 0.2178, acc: 0.9556
[2026-05-03 16:28:10 INFO]: [MLP] Epoch 100/300  |  Train => loss: 0.2408, acc: 0.9457  |  Val => loss: 0.1953, acc: 0.9578
[2026-05-03 16:28:10 INFO]: [MLP] Epoch 110/300  |  Train => loss: 0.2216, acc: 0.9486  |  Val => loss: 0.1774, acc: 0.9600
[2026-05-03 16:28:11 INFO]: [MLP] Epoch 120/300  |  Train => loss: 0.2018, acc: 0.9495  |  Val => loss: 0.1636, acc: 0.9556
[2026-05-03 16:28:11 INFO]: [MLP] Epoch 130/300  |  Train => loss: 0.1907, acc: 0.9533  |  Val => loss: 0.1524, acc: 0.9578
[2026-05-03 16:28:11 INFO]: [MLP] Epoch 140/300  |  Train => loss: 0.1877, acc: 0.9543  |  Val => loss: 0.1438, acc: 0.9556
[2026-05-03 16:28:11 INFO]: [MLP] Epoch 150/300  |  Train => loss: 0.1760, acc: 0.9543  |  Val => loss: 0.1369, acc: 0.9556
[2026-05-03 16:28:11 INFO]: [MLP] Epoch 160/300  |  Train => loss: 0.1676, acc: 0.9571  |  Val => loss: 0.1314, acc: 0.9578
[2026-05-03 16:28:11 INFO]: [MLP] Epoch 170/300  |  Train => loss: 0.1585, acc: 0.9571  |  Val => loss: 0.1269, acc: 0.9578
[2026-05-03 16:28:12 INFO]: [MLP] Epoch 180/300  |  Train => loss: 0.1702, acc: 0.9581  |  Val => loss: 0.1233, acc: 0.9578
[2026-05-03 16:28:12 INFO]: [MLP] Epoch 190/300  |  Train => loss: 0.1546, acc: 0.9600  |  Val => loss: 0.1198, acc: 0.9600
[2026-05-03 16:28:12 INFO]: [MLP] Epoch 200/300  |  Train => loss: 0.1470, acc: 0.9610  |  Val => loss: 0.1173, acc: 0.9600
[2026-05-03 16:28:12 INFO]: [MLP] Epoch 210/300  |  Train => loss: 0.1459, acc: 0.9610  |  Val => loss: 0.1153, acc: 0.9600
[2026-05-03 16:28:12 INFO]: [MLP] Epoch 220/300  |  Train => loss: 0.1445, acc: 0.9619  |  Val => loss: 0.1134, acc: 0.9600
[2026-05-03 16:28:13 INFO]: [MLP] Epoch 230/300  |  Train => loss: 0.1400, acc: 0.9629  |  Val => loss: 0.1116, acc: 0.9600
[2026-05-03 16:28:13 INFO]: [MLP] Epoch 240/300  |  Train => loss: 0.1498, acc: 0.9629  |  Val => loss: 0.1105, acc: 0.9600
[2026-05-03 16:28:13 INFO]: [MLP] Epoch 250/300  |  Train => loss: 0.1395, acc: 0.9629  |  Val => loss: 0.1090, acc: 0.9600
[2026-05-03 16:28:13 INFO]: [MLP] Epoch 260/300  |  Train => loss: 0.1445, acc: 0.9629  |  Val => loss: 0.1080, acc: 0.9600
[2026-05-03 16:28:13 INFO]: [MLP] Epoch 270/300  |  Train => loss: 0.1374, acc: 0.9629  |  Val => loss: 0.1070, acc: 0.9600
[2026-05-03 16:28:14 INFO]: [MLP] Epoch 280/300  |  Train => loss: 0.1434, acc: 0.9638  |  Val => loss: 0.1062, acc: 0.9600
[2026-05-03 16:28:14 INFO]: [MLP] Epoch 290/300  |  Train => loss: 0.1353, acc: 0.9638  |  Val => loss: 0.1053, acc: 0.9600
[2026-05-03 16:28:14 INFO]: [MLP] Epoch 300/300  |  Train => loss: 0.1322, acc: 0.9638  |  Val => loss: 0.1046, acc: 0.9600
[2026-05-03 16:28:14 INFO]: [MLP] Training and validation finished.
[2026-05-03 16:28:14 INFO]: [MLP] Training plot saved to: visualization/plot.png
[2026-05-03 16:28:14 INFO]: [MLP] Experiment results:
  Accuracy: 96.0%
  Confusion matrix:
            setosa  versicolor  virginica
setosa         140           5          1
versicolor       0         149          5
virginica        0           7        143
[2026-05-03 16:31:11 INFO]: [DataPreprocessor] ============ Wyszukiwanie outlier'ów z GPS ============
[2026-05-03 16:31:11 INFO]: [DataPreprocessor] Nowych outlier'ów, przez braki danych GPS (NaN): 19
[2026-05-03 16:31:11 INFO]: [DataPreprocessor] Nowych outlier'ów, przez GPS poza zakresem (-90, 90) ; (-180, 180): 0
[2026-05-03 16:31:11 INFO]: [DataPreprocessor] [Info]: Nowych outlier'ów, przez rekordy w punkcie (0, 0): 0
[2026-05-03 16:31:11 INFO]: [DataPreprocessor] Nowych outlier'ów, przez duplikaty dat: 0
[2026-05-03 16:31:11 INFO]: [DataPreprocessor] Nowych outlier'ów, przez GPS freeze: 22
[2026-05-03 16:31:11 INFO]: [DataPreprocessor] Wykryto łącznie: 41 outlierów.
[2026-05-03 16:31:11 INFO]: [DataPreprocessor] ============ Kinematyka ============
[2026-05-03 16:31:11 INFO]: [DataPreprocessor] Statki z nienaturalną prędkością: 0
[2026-05-03 16:31:11 INFO]: [DataPreprocessor] Wykryto 13764 statków dryfujących.
[2026-05-03 16:31:11 INFO]: [DataPreprocessor] Statki z nienaturalnym przyspieszeniem: 0
[2026-05-03 16:31:11 INFO]: [preprocess_data] Preprocessing wykonany dla: data\raw\classified\Ship_Operation_example_dataset_classified_2.csv
[2026-05-03 16:35:55 INFO]: [MLP] Starting MLP training.
[2026-05-03 16:35:55 INFO]: [MLP] Config: epochs=300, lr=0.01, batch=64, test_size=0.3
[2026-05-03 16:35:55 INFO]: [MLP] Removed 41 outliers (15800 samples remaining).
[2026-05-03 16:35:55 INFO]: [MLP] Dataset: 15800 samples | 7 features | 3 classes: [np.int64(1), np.int64(2), np.int64(4)]
[2026-05-03 16:35:55 INFO]: [MLP] Split: 11060 train / 4740 val samples
[2026-05-03 16:35:55 INFO]: [MLP] Using cpu device.
[2026-05-03 16:35:57 INFO]: [MLP] Model architecture:
_NeuralNetwork(
  (flatten): Flatten(start_dim=1, end_dim=-1)
  (linear_relu_stack): Sequential(
    (0): Linear(in_features=7, out_features=8, bias=True)
    (1): ReLU()
    (2): Linear(in_features=8, out_features=32, bias=True)
    (3): ReLU()
    (4): Linear(in_features=32, out_features=16, bias=True)
    (5): ReLU()
    (6): Linear(in_features=16, out_features=8, bias=True)
    (7): ReLU()
    (8): Linear(in_features=8, out_features=3, bias=True)
  )
)
[2026-05-03 16:35:57 INFO]: [MLP] Epoch   1/300  |  Train => loss: 0.9705, acc: 0.6152  |  Val => loss: 0.9331, acc: 0.6196
[2026-05-03 16:35:59 INFO]: [MLP] Epoch  10/300  |  Train => loss: 0.5847, acc: 0.7411  |  Val => loss: 0.5800, acc: 0.7407
[2026-05-03 16:36:01 INFO]: [MLP] Epoch  20/300  |  Train => loss: 0.5434, acc: 0.7412  |  Val => loss: 0.5431, acc: 0.7409
[2026-05-03 16:36:03 INFO]: [MLP] Epoch  30/300  |  Train => loss: 0.5365, acc: 0.7412  |  Val => loss: 0.5363, acc: 0.7409
[2026-05-03 16:36:05 INFO]: [MLP] Epoch  40/300  |  Train => loss: 0.5336, acc: 0.7412  |  Val => loss: 0.5332, acc: 0.7409
[2026-05-03 16:36:08 INFO]: [MLP] Epoch  50/300  |  Train => loss: 0.5315, acc: 0.7415  |  Val => loss: 0.5306, acc: 0.7416
[2026-05-03 16:36:10 INFO]: [MLP] Epoch  60/300  |  Train => loss: 0.5283, acc: 0.7424  |  Val => loss: 0.5270, acc: 0.7422
[2026-05-03 16:36:12 INFO]: [MLP] Epoch  70/300  |  Train => loss: 0.5230, acc: 0.7426  |  Val => loss: 0.5210, acc: 0.7426
[2026-05-03 16:36:14 INFO]: [MLP] Epoch  80/300  |  Train => loss: 0.5079, acc: 0.7423  |  Val => loss: 0.5064, acc: 0.7430
[2026-05-03 16:36:16 INFO]: [MLP] Epoch  90/300  |  Train => loss: 0.4953, acc: 0.7427  |  Val => loss: 0.4990, acc: 0.7432
[2026-05-03 16:36:19 INFO]: [MLP] Epoch 100/300  |  Train => loss: 0.4948, acc: 0.7445  |  Val => loss: 0.4986, acc: 0.7437
[2026-05-03 16:36:21 INFO]: [MLP] Epoch 110/300  |  Train => loss: 0.4944, acc: 0.7462  |  Val => loss: 0.4986, acc: 0.7441
[2026-05-03 16:36:23 INFO]: [MLP] Epoch 120/300  |  Train => loss: 0.4940, acc: 0.7459  |  Val => loss: 0.4989, acc: 0.7416
[2026-05-03 16:36:25 INFO]: [MLP] Epoch 130/300  |  Train => loss: 0.4942, acc: 0.7462  |  Val => loss: 0.4982, acc: 0.7447
[2026-05-03 16:36:28 INFO]: [MLP] Epoch 140/300  |  Train => loss: 0.4941, acc: 0.7459  |  Val => loss: 0.4982, acc: 0.7409
[2026-05-03 16:36:30 INFO]: [MLP] Epoch 150/300  |  Train => loss: 0.4939, acc: 0.7456  |  Val => loss: 0.4982, acc: 0.7454
[2026-05-03 16:36:32 INFO]: [MLP] Epoch 160/300  |  Train => loss: 0.4938, acc: 0.7456  |  Val => loss: 0.4980, acc: 0.7395
[2026-05-03 16:36:34 INFO]: [MLP] Epoch 170/300  |  Train => loss: 0.4937, acc: 0.7458  |  Val => loss: 0.4978, acc: 0.7407
[2026-05-03 16:36:36 INFO]: [MLP] Epoch 180/300  |  Train => loss: 0.4938, acc: 0.7462  |  Val => loss: 0.4977, acc: 0.7416
[2026-05-03 16:36:39 INFO]: [MLP] Epoch 190/300  |  Train => loss: 0.4934, acc: 0.7448  |  Val => loss: 0.4982, acc: 0.7414
[2026-05-03 16:36:41 INFO]: [MLP] Epoch 200/300  |  Train => loss: 0.4934, acc: 0.7477  |  Val => loss: 0.4976, acc: 0.7422
[2026-05-03 16:36:43 INFO]: [MLP] Epoch 210/300  |  Train => loss: 0.4932, acc: 0.7462  |  Val => loss: 0.4975, acc: 0.7414
[2026-05-03 16:36:45 INFO]: [MLP] Epoch 220/300  |  Train => loss: 0.4931, acc: 0.7458  |  Val => loss: 0.4974, acc: 0.7405
[2026-05-03 16:36:48 INFO]: [MLP] Epoch 230/300  |  Train => loss: 0.4932, acc: 0.7484  |  Val => loss: 0.4973, acc: 0.7420
[2026-05-03 16:36:50 INFO]: [MLP] Epoch 240/300  |  Train => loss: 0.4928, acc: 0.7482  |  Val => loss: 0.4976, acc: 0.7405
[2026-05-03 16:36:52 INFO]: [MLP] Epoch 250/300  |  Train => loss: 0.4929, acc: 0.7465  |  Val => loss: 0.4975, acc: 0.7395
[2026-05-03 16:36:54 INFO]: [MLP] Epoch 260/300  |  Train => loss: 0.4927, acc: 0.7458  |  Val => loss: 0.4972, acc: 0.7430
[2026-05-03 16:36:56 INFO]: [MLP] Epoch 270/300  |  Train => loss: 0.4929, acc: 0.7486  |  Val => loss: 0.4972, acc: 0.7420
[2026-05-03 16:36:59 INFO]: [MLP] Epoch 280/300  |  Train => loss: 0.4926, acc: 0.7462  |  Val => loss: 0.4973, acc: 0.7409
[2026-05-03 16:37:01 INFO]: [MLP] Epoch 290/300  |  Train => loss: 0.4927, acc: 0.7473  |  Val => loss: 0.4974, acc: 0.7409
[2026-05-03 16:37:04 INFO]: [MLP] Epoch 300/300  |  Train => loss: 0.4926, acc: 0.7474  |  Val => loss: 0.4970, acc: 0.7416
[2026-05-03 16:37:04 INFO]: [MLP] Training and validation finished.
[2026-05-03 16:37:04 INFO]: [MLP] Training plot saved to: visualization/plot.png
[2026-05-03 16:37:04 INFO]: [MLP] Experiment results:
  Accuracy: 74.1561%
  Confusion matrix:
      1    2    4
1  2798  138    1
2  1084  135    1
4     0    1  582
[2026-05-03 16:46:31 INFO]: [MLP] Starting MLP training.
[2026-05-03 16:46:31 INFO]: [MLP] Config: epochs=300, lr=0.01, batch=64, test_size=0.3
[2026-05-03 16:46:31 INFO]: [MLP] Removed 41 outliers (15800 samples remaining).
[2026-05-03 16:46:31 INFO]: [MLP] Filtering classes ['1', '4']: 15800 rows removed (0 remaining).
[2026-05-03 16:46:31 INFO]: [MLP] Dataset: 0 samples | 7 features | 0 classes: []
[2026-05-03 16:48:18 INFO]: [MLP] Starting MLP training.
[2026-05-03 16:48:18 INFO]: [MLP] Config: epochs=300, lr=0.01, batch=64, test_size=0.3
[2026-05-03 16:48:18 INFO]: [MLP] Removed 41 outliers (15800 samples remaining).
[2026-05-03 16:48:18 INFO]: [MLP] Dataset: 15800 samples | 7 features | 3 classes: [np.int64(1), np.int64(2), np.int64(4)]
[2026-05-03 16:48:18 INFO]: [MLP] Split: 11060 train / 4740 val samples
[2026-05-03 16:48:18 INFO]: [MLP] Using cpu device.
[2026-05-03 16:48:19 INFO]: [MLP] Model architecture:
_NeuralNetwork(
  (flatten): Flatten(start_dim=1, end_dim=-1)
  (linear_relu_stack): Sequential(
    (0): Linear(in_features=7, out_features=8, bias=True)
    (1): ReLU()
    (2): Linear(in_features=8, out_features=32, bias=True)
    (3): ReLU()
    (4): Linear(in_features=32, out_features=16, bias=True)
    (5): ReLU()
    (6): Linear(in_features=16, out_features=8, bias=True)
    (7): ReLU()
    (8): Linear(in_features=8, out_features=3, bias=True)
  )
)
[2026-05-03 16:48:19 INFO]: [MLP] Epoch   1/300  |  Train => loss: 1.0379, acc: 0.5119  |  Val => loss: 0.9632, acc: 0.6196
[2026-05-03 16:48:21 INFO]: [MLP] Epoch  10/300  |  Train => loss: 0.6007, acc: 0.7412  |  Val => loss: 0.5962, acc: 0.7409
[2026-05-03 16:48:23 INFO]: [MLP] Epoch  20/300  |  Train => loss: 0.5585, acc: 0.7412  |  Val => loss: 0.5587, acc: 0.7409
[2026-05-03 16:48:26 INFO]: [MLP] Epoch  30/300  |  Train => loss: 0.5481, acc: 0.7412  |  Val => loss: 0.5488, acc: 0.7409
[2026-05-03 16:48:28 INFO]: [MLP] Epoch  40/300  |  Train => loss: 0.5433, acc: 0.7413  |  Val => loss: 0.5441, acc: 0.7409
[2026-05-03 16:48:30 INFO]: [MLP] Epoch  50/300  |  Train => loss: 0.5406, acc: 0.7414  |  Val => loss: 0.5414, acc: 0.7411
[2026-05-03 16:48:32 INFO]: [MLP] Epoch  60/300  |  Train => loss: 0.5388, acc: 0.7415  |  Val => loss: 0.5395, acc: 0.7422
[2026-05-03 16:48:34 INFO]: [MLP] Epoch  70/300  |  Train => loss: 0.5376, acc: 0.7420  |  Val => loss: 0.5382, acc: 0.7424
[2026-05-03 16:48:37 INFO]: [MLP] Epoch  80/300  |  Train => loss: 0.5366, acc: 0.7422  |  Val => loss: 0.5372, acc: 0.7430
[2026-05-03 16:48:39 INFO]: [MLP] Epoch  90/300  |  Train => loss: 0.5358, acc: 0.7423  |  Val => loss: 0.5364, acc: 0.7430
[2026-05-03 16:48:41 INFO]: [MLP] Epoch 100/300  |  Train => loss: 0.5353, acc: 0.7427  |  Val => loss: 0.5357, acc: 0.7430
[2026-05-03 16:48:43 INFO]: [MLP] Epoch 110/300  |  Train => loss: 0.5347, acc: 0.7427  |  Val => loss: 0.5352, acc: 0.7430
[2026-05-03 16:48:46 INFO]: [MLP] Epoch 120/300  |  Train => loss: 0.5344, acc: 0.7429  |  Val => loss: 0.5347, acc: 0.7428
[2026-05-03 16:48:48 INFO]: [MLP] Epoch 130/300  |  Train => loss: 0.5340, acc: 0.7430  |  Val => loss: 0.5343, acc: 0.7430
[2026-05-03 16:48:50 INFO]: [MLP] Epoch 140/300  |  Train => loss: 0.5338, acc: 0.7430  |  Val => loss: 0.5340, acc: 0.7430
[2026-05-03 16:48:53 INFO]: [MLP] Epoch 150/300  |  Train => loss: 0.5335, acc: 0.7430  |  Val => loss: 0.5337, acc: 0.7430
[2026-05-03 16:48:55 INFO]: [MLP] Epoch 160/300  |  Train => loss: 0.5333, acc: 0.7430  |  Val => loss: 0.5334, acc: 0.7430
[2026-05-03 16:48:57 INFO]: [MLP] Epoch 170/300  |  Train => loss: 0.5330, acc: 0.7430  |  Val => loss: 0.5331, acc: 0.7430
[2026-05-03 16:49:00 INFO]: [MLP] Epoch 180/300  |  Train => loss: 0.5328, acc: 0.7430  |  Val => loss: 0.5329, acc: 0.7430
[2026-05-03 16:49:02 INFO]: [MLP] Epoch 190/300  |  Train => loss: 0.5327, acc: 0.7430  |  Val => loss: 0.5327, acc: 0.7430
[2026-05-03 16:49:04 INFO]: [MLP] Epoch 200/300  |  Train => loss: 0.5326, acc: 0.7429  |  Val => loss: 0.5326, acc: 0.7430
[2026-05-03 16:49:07 INFO]: [MLP] Epoch 210/300  |  Train => loss: 0.5324, acc: 0.7430  |  Val => loss: 0.5324, acc: 0.7430
[2026-05-03 16:49:09 INFO]: [MLP] Epoch 220/300  |  Train => loss: 0.5322, acc: 0.7431  |  Val => loss: 0.5322, acc: 0.7430
[2026-05-03 16:49:11 INFO]: [MLP] Epoch 230/300  |  Train => loss: 0.5321, acc: 0.7430  |  Val => loss: 0.5321, acc: 0.7430
[2026-05-03 16:49:13 INFO]: [MLP] Epoch 240/300  |  Train => loss: 0.5320, acc: 0.7430  |  Val => loss: 0.5320, acc: 0.7430
[2026-05-03 16:49:16 INFO]: [MLP] Epoch 250/300  |  Train => loss: 0.5320, acc: 0.7430  |  Val => loss: 0.5319, acc: 0.7430
[2026-05-03 16:49:18 INFO]: [MLP] Epoch 260/300  |  Train => loss: 0.5321, acc: 0.7431  |  Val => loss: 0.5318, acc: 0.7430
[2026-05-03 16:49:20 INFO]: [MLP] Epoch 270/300  |  Train => loss: 0.5318, acc: 0.7430  |  Val => loss: 0.5317, acc: 0.7430
[2026-05-03 16:49:23 INFO]: [MLP] Epoch 280/300  |  Train => loss: 0.5317, acc: 0.7430  |  Val => loss: 0.5316, acc: 0.7430
[2026-05-03 16:49:25 INFO]: [MLP] Epoch 290/300  |  Train => loss: 0.5316, acc: 0.7430  |  Val => loss: 0.5315, acc: 0.7430
[2026-05-03 16:49:27 INFO]: [MLP] Epoch 300/300  |  Train => loss: 0.5315, acc: 0.7430  |  Val => loss: 0.5314, acc: 0.7430
[2026-05-03 16:49:27 INFO]: [MLP] Training and validation finished.
[2026-05-03 16:49:28 INFO]: [MLP] Training plot saved to: visualization/plot.png
[2026-05-03 16:50:03 INFO]: [MLP] Starting MLP training.
[2026-05-03 16:50:03 INFO]: [MLP] Config: epochs=300, lr=0.01, batch=64, test_size=0.3
[2026-05-03 16:50:03 INFO]: [MLP] Removed 41 outliers (15800 samples remaining).
[2026-05-03 16:50:03 INFO]: [MLP] Filtering classes ['1', '2', '4']: 15800 rows removed (0 remaining).
[2026-05-03 16:50:03 INFO]: [MLP] Dataset: 0 samples | 7 features | 0 classes: []
[2026-05-03 16:51:15 INFO]: [MLP] Starting MLP training.
[2026-05-03 16:51:15 INFO]: [MLP] Config: epochs=300, lr=0.01, batch=64, test_size=0.3
[2026-05-03 16:51:15 INFO]: [MLP] Removed 41 outliers (15800 samples remaining).
[2026-05-03 16:51:15 INFO]: [MLP] Filtering classes [1, 2, 4]: 0 rows removed (15800 remaining).
[2026-05-03 16:51:15 INFO]: [MLP] Dataset: 15800 samples | 7 features | 3 classes: [np.int64(1), np.int64(2), np.int64(4)]
[2026-05-03 16:51:15 INFO]: [MLP] Split: 11060 train / 4740 val samples
[2026-05-03 16:51:15 INFO]: [MLP] Using cpu device.
[2026-05-03 16:51:17 INFO]: [MLP] Model architecture:
_NeuralNetwork(
  (flatten): Flatten(start_dim=1, end_dim=-1)
  (linear_relu_stack): Sequential(
    (0): Linear(in_features=7, out_features=8, bias=True)
    (1): ReLU()
    (2): Linear(in_features=8, out_features=32, bias=True)
    (3): ReLU()
    (4): Linear(in_features=32, out_features=16, bias=True)
    (5): ReLU()
    (6): Linear(in_features=16, out_features=8, bias=True)
    (7): ReLU()
    (8): Linear(in_features=8, out_features=3, bias=True)
  )
)
[2026-05-03 16:51:17 INFO]: [MLP] Epoch   1/300  |  Train => loss: 0.9822, acc: 0.6158  |  Val => loss: 0.9247, acc: 0.6194
[2026-05-03 16:51:19 INFO]: [MLP] Epoch  10/300  |  Train => loss: 0.5430, acc: 0.7411  |  Val => loss: 0.5412, acc: 0.7409
[2026-05-03 16:51:21 INFO]: [MLP] Epoch  20/300  |  Train => loss: 0.5318, acc: 0.7412  |  Val => loss: 0.5315, acc: 0.7409
[2026-05-03 16:51:23 INFO]: [MLP] Epoch  30/300  |  Train => loss: 0.5257, acc: 0.7413  |  Val => loss: 0.5248, acc: 0.7409
[2026-05-03 16:51:26 INFO]: [MLP] Epoch  40/300  |  Train => loss: 0.5067, acc: 0.7417  |  Val => loss: 0.5079, acc: 0.7424
[2026-05-03 16:51:28 INFO]: [MLP] Epoch  50/300  |  Train => loss: 0.4956, acc: 0.7429  |  Val => loss: 0.5003, acc: 0.7426
[2026-05-03 16:51:30 INFO]: [MLP] Epoch  60/300  |  Train => loss: 0.4950, acc: 0.7453  |  Val => loss: 0.5023, acc: 0.7411
[2026-05-03 16:51:32 INFO]: [MLP] Epoch  70/300  |  Train => loss: 0.4946, acc: 0.7450  |  Val => loss: 0.4990, acc: 0.7443
[2026-05-03 16:51:34 INFO]: [MLP] Epoch  80/300  |  Train => loss: 0.4944, acc: 0.7443  |  Val => loss: 0.4987, acc: 0.7441
[2026-05-03 16:51:36 INFO]: [MLP] Epoch  90/300  |  Train => loss: 0.4942, acc: 0.7433  |  Val => loss: 0.4985, acc: 0.7432
[2026-05-03 16:51:39 INFO]: [MLP] Epoch 100/300  |  Train => loss: 0.4939, acc: 0.7461  |  Val => loss: 0.5010, acc: 0.7390
[2026-05-03 16:51:41 INFO]: [MLP] Epoch 110/300  |  Train => loss: 0.4937, acc: 0.7455  |  Val => loss: 0.4990, acc: 0.7363
[2026-05-03 16:51:43 INFO]: [MLP] Epoch 120/300  |  Train => loss: 0.4939, acc: 0.7479  |  Val => loss: 0.4978, acc: 0.7430
[2026-05-03 16:51:45 INFO]: [MLP] Epoch 130/300  |  Train => loss: 0.4935, acc: 0.7467  |  Val => loss: 0.4977, acc: 0.7460
[2026-05-03 16:51:48 INFO]: [MLP] Epoch 140/300  |  Train => loss: 0.4932, acc: 0.7436  |  Val => loss: 0.4978, acc: 0.7462
[2026-05-03 16:51:50 INFO]: [MLP] Epoch 150/300  |  Train => loss: 0.4935, acc: 0.7461  |  Val => loss: 0.4974, acc: 0.7447
[2026-05-03 16:51:53 INFO]: [MLP] Epoch 160/300  |  Train => loss: 0.4932, acc: 0.7465  |  Val => loss: 0.4974, acc: 0.7445
[2026-05-03 16:51:56 INFO]: [MLP] Epoch 170/300  |  Train => loss: 0.4931, acc: 0.7461  |  Val => loss: 0.4976, acc: 0.7432
[2026-05-03 16:51:58 INFO]: [MLP] Epoch 180/300  |  Train => loss: 0.4933, acc: 0.7466  |  Val => loss: 0.4972, acc: 0.7449
[2026-05-03 16:52:01 INFO]: [MLP] Epoch 190/300  |  Train => loss: 0.4928, acc: 0.7470  |  Val => loss: 0.4975, acc: 0.7409
[2026-05-03 16:52:03 INFO]: [MLP] Epoch 200/300  |  Train => loss: 0.4929, acc: 0.7468  |  Val => loss: 0.4980, acc: 0.7407
[2026-05-03 16:52:06 INFO]: [MLP] Epoch 210/300  |  Train => loss: 0.4930, acc: 0.7460  |  Val => loss: 0.4971, acc: 0.7414
[2026-05-03 16:52:08 INFO]: [MLP] Epoch 220/300  |  Train => loss: 0.4926, acc: 0.7447  |  Val => loss: 0.4973, acc: 0.7418
[2026-05-03 16:52:11 INFO]: [MLP] Epoch 230/300  |  Train => loss: 0.4927, acc: 0.7481  |  Val => loss: 0.4980, acc: 0.7403
[2026-05-03 16:52:13 INFO]: [MLP] Epoch 240/300  |  Train => loss: 0.4924, acc: 0.7466  |  Val => loss: 0.4981, acc: 0.7401
[2026-05-03 16:52:16 INFO]: [MLP] Epoch 250/300  |  Train => loss: 0.4927, acc: 0.7494  |  Val => loss: 0.4966, acc: 0.7441
[2026-05-03 16:52:18 INFO]: [MLP] Epoch 260/300  |  Train => loss: 0.4923, acc: 0.7474  |  Val => loss: 0.4983, acc: 0.7397
[2026-05-03 16:52:21 INFO]: [MLP] Epoch 270/300  |  Train => loss: 0.4923, acc: 0.7489  |  Val => loss: 0.4967, acc: 0.7456
[2026-05-03 16:52:23 INFO]: [MLP] Epoch 280/300  |  Train => loss: 0.4921, acc: 0.7504  |  Val => loss: 0.4972, acc: 0.7420
[2026-05-03 16:52:26 INFO]: [MLP] Epoch 290/300  |  Train => loss: 0.4918, acc: 0.7479  |  Val => loss: 0.4978, acc: 0.7439
[2026-05-03 16:52:28 INFO]: [MLP] Epoch 300/300  |  Train => loss: 0.4921, acc: 0.7504  |  Val => loss: 0.4985, acc: 0.7420
[2026-05-03 16:52:28 INFO]: [MLP] Training and validation finished.
[2026-05-03 16:52:28 INFO]: [MLP] Training plot saved to: visualization/plot.png
[2026-05-03 16:52:28 INFO]: [MLP] Experiment results:
  Accuracy: 74.1983%
  Confusion matrix:
               in_port  at_sea_anchor  at_sea_voyage
in_port           2628            308              1
at_sea_anchor      913            307              0
at_sea_voyage        0              1            582
[2026-05-03 16:56:15 INFO]: [MLP] Starting MLP training.
[2026-05-03 16:56:15 INFO]: [MLP] Config: epochs=300, lr=0.01, batch=64, test_size=0.3
[2026-05-03 16:56:15 INFO]: [MLP] Removed 41 outliers (15800 samples remaining).
[2026-05-03 16:56:15 INFO]: [MLP] Filtering classes [1, 2, 4]: 0 rows removed (15800 remaining).
[2026-05-03 16:56:15 INFO]: [MLP] Dataset: 15800 samples | 7 features | 3 classes: [np.int64(1), np.int64(2), np.int64(4)]
[2026-05-03 16:56:15 INFO]: [MLP] Split: 11060 train / 4740 val samples
[2026-05-03 16:56:15 INFO]: [MLP] Using cpu device.
[2026-05-03 16:56:16 INFO]: [MLP] Model architecture:
_NeuralNetwork(
  (flatten): Flatten(start_dim=1, end_dim=-1)
  (linear_relu_stack): Sequential(
    (0): Linear(in_features=7, out_features=32, bias=True)
    (1): ReLU()
    (2): Linear(in_features=32, out_features=16, bias=True)
    (3): ReLU()
    (4): Linear(in_features=16, out_features=3, bias=True)
  )
)
[2026-05-03 16:56:16 INFO]: [MLP] Epoch   1/300  |  Train => loss: 0.9843, acc: 0.5132  |  Val => loss: 0.8706, acc: 0.6194
[2026-05-03 16:56:18 INFO]: [MLP] Epoch  10/300  |  Train => loss: 0.5226, acc: 0.7412  |  Val => loss: 0.5239, acc: 0.7409
[2026-05-03 16:56:20 INFO]: [MLP] Epoch  20/300  |  Train => loss: 0.5033, acc: 0.7412  |  Val => loss: 0.5071, acc: 0.7409
[2026-05-03 16:56:22 INFO]: [MLP] Epoch  30/300  |  Train => loss: 0.4986, acc: 0.7413  |  Val => loss: 0.5034, acc: 0.7405
[2026-05-03 16:56:23 INFO]: [MLP] Epoch  40/300  |  Train => loss: 0.4973, acc: 0.7413  |  Val => loss: 0.5019, acc: 0.7405
[2026-05-03 16:56:25 INFO]: [MLP] Epoch  50/300  |  Train => loss: 0.4963, acc: 0.7413  |  Val => loss: 0.5010, acc: 0.7409
[2026-05-03 16:56:27 INFO]: [MLP] Epoch  60/300  |  Train => loss: 0.4958, acc: 0.7418  |  Val => loss: 0.5003, acc: 0.7414
[2026-05-03 16:56:29 INFO]: [MLP] Epoch  70/300  |  Train => loss: 0.4954, acc: 0.7428  |  Val => loss: 0.5000, acc: 0.7422
[2026-05-03 16:56:31 INFO]: [MLP] Epoch  80/300  |  Train => loss: 0.4951, acc: 0.7438  |  Val => loss: 0.4998, acc: 0.7435
[2026-05-03 16:56:33 INFO]: [MLP] Epoch  90/300  |  Train => loss: 0.4948, acc: 0.7439  |  Val => loss: 0.4992, acc: 0.7424
[2026-05-03 16:56:35 INFO]: [MLP] Epoch 100/300  |  Train => loss: 0.4946, acc: 0.7445  |  Val => loss: 0.4992, acc: 0.7428
[2026-05-03 16:56:37 INFO]: [MLP] Epoch 110/300  |  Train => loss: 0.4946, acc: 0.7440  |  Val => loss: 0.4991, acc: 0.7449
[2026-05-03 16:56:39 INFO]: [MLP] Epoch 120/300  |  Train => loss: 0.4943, acc: 0.7454  |  Val => loss: 0.4987, acc: 0.7449
[2026-05-03 16:56:41 INFO]: [MLP] Epoch 130/300  |  Train => loss: 0.4942, acc: 0.7445  |  Val => loss: 0.4990, acc: 0.7458
[2026-05-03 16:56:43 INFO]: [MLP] Epoch 140/300  |  Train => loss: 0.4940, acc: 0.7450  |  Val => loss: 0.4982, acc: 0.7432
[2026-05-03 16:56:45 INFO]: [MLP] Epoch 150/300  |  Train => loss: 0.4939, acc: 0.7460  |  Val => loss: 0.4985, acc: 0.7441
[2026-05-03 16:56:47 INFO]: [MLP] Epoch 160/300  |  Train => loss: 0.4939, acc: 0.7467  |  Val => loss: 0.4982, acc: 0.7443
[2026-05-03 16:56:49 INFO]: [MLP] Epoch 170/300  |  Train => loss: 0.4937, acc: 0.7451  |  Val => loss: 0.4978, acc: 0.7456
[2026-05-03 16:56:50 INFO]: [MLP] Epoch 180/300  |  Train => loss: 0.4936, acc: 0.7470  |  Val => loss: 0.4981, acc: 0.7462
[2026-05-03 16:56:52 INFO]: [MLP] Epoch 190/300  |  Train => loss: 0.4935, acc: 0.7447  |  Val => loss: 0.4977, acc: 0.7458
[2026-05-03 16:56:54 INFO]: [MLP] Epoch 200/300  |  Train => loss: 0.4933, acc: 0.7458  |  Val => loss: 0.4979, acc: 0.7458
[2026-05-03 16:56:57 INFO]: [MLP] Epoch 210/300  |  Train => loss: 0.4933, acc: 0.7478  |  Val => loss: 0.4979, acc: 0.7456
[2026-05-03 16:56:58 INFO]: [MLP] Epoch 220/300  |  Train => loss: 0.4934, acc: 0.7471  |  Val => loss: 0.4978, acc: 0.7449
[2026-05-03 16:57:00 INFO]: [MLP] Epoch 230/300  |  Train => loss: 0.4931, acc: 0.7475  |  Val => loss: 0.4981, acc: 0.7435
[2026-05-03 16:57:02 INFO]: [MLP] Epoch 240/300  |  Train => loss: 0.4933, acc: 0.7484  |  Val => loss: 0.4977, acc: 0.7468
[2026-05-03 16:57:12 INFO]: [MLP] Starting MLP training.
[2026-05-03 16:57:12 INFO]: [MLP] Config: epochs=300, lr=0.01, batch=64, test_size=0.3
[2026-05-03 16:57:12 INFO]: [MLP] Removed 41 outliers (15800 samples remaining).
[2026-05-03 16:57:12 INFO]: [MLP] Filtering classes [1, 2, 4]: 0 rows removed (15800 remaining).
[2026-05-03 16:57:12 INFO]: [MLP] Dataset: 15800 samples | 6 features | 3 classes: [np.int64(1), np.int64(2), np.int64(4)]
[2026-05-03 16:57:12 INFO]: [MLP] Split: 11060 train / 4740 val samples
[2026-05-03 16:57:12 INFO]: [MLP] Using cpu device.
[2026-05-03 16:57:13 INFO]: [MLP] Model architecture:
_NeuralNetwork(
  (flatten): Flatten(start_dim=1, end_dim=-1)
  (linear_relu_stack): Sequential(
    (0): Linear(in_features=6, out_features=32, bias=True)
    (1): ReLU()
    (2): Linear(in_features=32, out_features=16, bias=True)
    (3): ReLU()
    (4): Linear(in_features=16, out_features=3, bias=True)
  )
)
[2026-05-03 16:57:14 INFO]: [MLP] Epoch   1/300  |  Train => loss: 1.0411, acc: 0.4599  |  Val => loss: 0.9244, acc: 0.6219
[2026-05-03 16:57:15 INFO]: [MLP] Epoch  10/300  |  Train => loss: 0.5188, acc: 0.7396  |  Val => loss: 0.5236, acc: 0.7386
[2026-05-03 16:57:17 INFO]: [MLP] Epoch  20/300  |  Train => loss: 0.5026, acc: 0.7410  |  Val => loss: 0.5087, acc: 0.7399
[2026-05-03 16:57:19 INFO]: [MLP] Epoch  30/300  |  Train => loss: 0.4990, acc: 0.7427  |  Val => loss: 0.5052, acc: 0.7418
[2026-05-03 16:57:21 INFO]: [MLP] Epoch  40/300  |  Train => loss: 0.4973, acc: 0.7453  |  Val => loss: 0.5032, acc: 0.7447
[2026-05-03 16:57:23 INFO]: [MLP] Epoch  50/300  |  Train => loss: 0.4962, acc: 0.7443  |  Val => loss: 0.5022, acc: 0.7407
[2026-05-03 16:57:25 INFO]: [MLP] Epoch  60/300  |  Train => loss: 0.4955, acc: 0.7447  |  Val => loss: 0.5016, acc: 0.7392
[2026-05-03 16:57:27 INFO]: [MLP] Epoch  70/300  |  Train => loss: 0.4952, acc: 0.7458  |  Val => loss: 0.5005, acc: 0.7416
[2026-05-03 16:57:29 INFO]: [MLP] Epoch  80/300  |  Train => loss: 0.4949, acc: 0.7453  |  Val => loss: 0.5003, acc: 0.7399
[2026-05-03 16:57:31 INFO]: [MLP] Epoch  90/300  |  Train => loss: 0.4945, acc: 0.7471  |  Val => loss: 0.4999, acc: 0.7407
[2026-05-03 16:57:32 INFO]: [MLP] Epoch 100/300  |  Train => loss: 0.4943, acc: 0.7470  |  Val => loss: 0.4994, acc: 0.7399
[2026-05-03 16:57:34 INFO]: [MLP] Epoch 110/300  |  Train => loss: 0.4939, acc: 0.7483  |  Val => loss: 0.5006, acc: 0.7397
[2026-05-03 16:57:36 INFO]: [MLP] Epoch 120/300  |  Train => loss: 0.4938, acc: 0.7460  |  Val => loss: 0.4988, acc: 0.7458
[2026-05-03 16:57:38 INFO]: [MLP] Epoch 130/300  |  Train => loss: 0.4937, acc: 0.7472  |  Val => loss: 0.4981, acc: 0.7479
[2026-05-03 16:57:40 INFO]: [MLP] Epoch 140/300  |  Train => loss: 0.4931, acc: 0.7477  |  Val => loss: 0.4985, acc: 0.7456
[2026-05-03 16:57:42 INFO]: [MLP] Epoch 150/300  |  Train => loss: 0.4932, acc: 0.7501  |  Val => loss: 0.4980, acc: 0.7445
[2026-05-03 16:57:44 INFO]: [MLP] Epoch 160/300  |  Train => loss: 0.4929, acc: 0.7492  |  Val => loss: 0.4977, acc: 0.7483
[2026-05-03 16:57:46 INFO]: [MLP] Epoch 170/300  |  Train => loss: 0.4928, acc: 0.7500  |  Val => loss: 0.4976, acc: 0.7485
[2026-05-03 16:57:48 INFO]: [MLP] Epoch 180/300  |  Train => loss: 0.4924, acc: 0.7519  |  Val => loss: 0.4970, acc: 0.7506
[2026-05-03 16:57:50 INFO]: [MLP] Epoch 190/300  |  Train => loss: 0.4919, acc: 0.7492  |  Val => loss: 0.4971, acc: 0.7496
[2026-05-03 16:57:52 INFO]: [MLP] Epoch 200/300  |  Train => loss: 0.4919, acc: 0.7519  |  Val => loss: 0.4975, acc: 0.7426
[2026-05-03 16:57:54 INFO]: [MLP] Epoch 210/300  |  Train => loss: 0.4917, acc: 0.7536  |  Val => loss: 0.4968, acc: 0.7441
[2026-05-03 16:57:56 INFO]: [MLP] Epoch 220/300  |  Train => loss: 0.4913, acc: 0.7506  |  Val => loss: 0.4963, acc: 0.7451
[2026-05-03 16:57:58 INFO]: [MLP] Epoch 230/300  |  Train => loss: 0.4912, acc: 0.7529  |  Val => loss: 0.4965, acc: 0.7454
[2026-05-03 16:58:00 INFO]: [MLP] Epoch 240/300  |  Train => loss: 0.4912, acc: 0.7553  |  Val => loss: 0.4960, acc: 0.7475
[2026-05-03 16:58:02 INFO]: [MLP] Epoch 250/300  |  Train => loss: 0.4906, acc: 0.7571  |  Val => loss: 0.4957, acc: 0.7511
[2026-05-03 16:58:04 INFO]: [MLP] Epoch 260/300  |  Train => loss: 0.4905, acc: 0.7564  |  Val => loss: 0.4961, acc: 0.7475
[2026-05-03 16:58:06 INFO]: [MLP] Epoch 270/300  |  Train => loss: 0.4901, acc: 0.7545  |  Val => loss: 0.4947, acc: 0.7589
[2026-05-03 16:58:08 INFO]: [MLP] Epoch 280/300  |  Train => loss: 0.4901, acc: 0.7593  |  Val => loss: 0.4953, acc: 0.7601
[2026-05-03 16:58:10 INFO]: [MLP] Epoch 290/300  |  Train => loss: 0.4896, acc: 0.7577  |  Val => loss: 0.4953, acc: 0.7582
[2026-05-03 16:58:12 INFO]: [MLP] Epoch 300/300  |  Train => loss: 0.4892, acc: 0.7605  |  Val => loss: 0.4940, acc: 0.7601
[2026-05-03 16:58:12 INFO]: [MLP] Training and validation finished.
[2026-05-03 16:58:12 INFO]: [MLP] Training plot saved to: visualization/plot.png
[2026-05-03 16:58:12 INFO]: [MLP] Experiment results:
  Accuracy: 76.0127%
  Confusion matrix:
               in_port  at_sea_anchor  at_sea_voyage
in_port           2852             84              1
at_sea_anchor     1051            169              0
at_sea_voyage        1              0            582
[2026-05-03 16:59:18 INFO]: [MLP] Starting MLP training.
[2026-05-03 16:59:18 INFO]: [MLP] Config: epochs=1000, lr=0.01, batch=64, test_size=0.3
[2026-05-03 16:59:18 INFO]: [MLP] Removed 41 outliers (15800 samples remaining).
[2026-05-03 16:59:18 INFO]: [MLP] Filtering classes [1, 2, 4]: 0 rows removed (15800 remaining).
[2026-05-03 16:59:18 INFO]: [MLP] Dataset: 15800 samples | 6 features | 3 classes: [np.int64(1), np.int64(2), np.int64(4)]
[2026-05-03 16:59:18 INFO]: [MLP] Split: 11060 train / 4740 val samples
[2026-05-03 16:59:18 INFO]: [MLP] Using cpu device.
[2026-05-03 16:59:19 INFO]: [MLP] Model architecture:
_NeuralNetwork(
  (flatten): Flatten(start_dim=1, end_dim=-1)
  (linear_relu_stack): Sequential(
    (0): Linear(in_features=6, out_features=32, bias=True)
    (1): ReLU()
    (2): Linear(in_features=32, out_features=16, bias=True)
    (3): ReLU()
    (4): Linear(in_features=16, out_features=3, bias=True)
  )
)
[2026-05-03 16:59:19 INFO]: [MLP] Epoch   1/1000  |  Train => loss: 0.9796, acc: 0.6152  |  Val => loss: 0.8950, acc: 0.6196
[2026-05-03 16:59:21 INFO]: [MLP] Epoch  10/1000  |  Train => loss: 0.5337, acc: 0.7391  |  Val => loss: 0.5357, acc: 0.7371
[2026-05-03 16:59:23 INFO]: [MLP] Epoch  20/1000  |  Train => loss: 0.5046, acc: 0.7405  |  Val => loss: 0.5090, acc: 0.7399
[2026-05-03 16:59:25 INFO]: [MLP] Epoch  30/1000  |  Train => loss: 0.4988, acc: 0.7408  |  Val => loss: 0.5043, acc: 0.7403
[2026-05-03 16:59:27 INFO]: [MLP] Epoch  40/1000  |  Train => loss: 0.4975, acc: 0.7411  |  Val => loss: 0.5033, acc: 0.7407
[2026-05-03 16:59:29 INFO]: [MLP] Epoch  50/1000  |  Train => loss: 0.4967, acc: 0.7417  |  Val => loss: 0.5016, acc: 0.7405
[2026-05-03 16:59:32 INFO]: [MLP] Epoch  60/1000  |  Train => loss: 0.4962, acc: 0.7422  |  Val => loss: 0.5008, acc: 0.7416
[2026-05-03 16:59:34 INFO]: [MLP] Epoch  70/1000  |  Train => loss: 0.4957, acc: 0.7422  |  Val => loss: 0.5004, acc: 0.7422
[2026-05-03 16:59:36 INFO]: [MLP] Epoch  80/1000  |  Train => loss: 0.4951, acc: 0.7434  |  Val => loss: 0.4999, acc: 0.7420
[2026-05-03 16:59:38 INFO]: [MLP] Epoch  90/1000  |  Train => loss: 0.4946, acc: 0.7430  |  Val => loss: 0.4999, acc: 0.7460
[2026-05-03 16:59:40 INFO]: [MLP] Epoch 100/1000  |  Train => loss: 0.4947, acc: 0.7456  |  Val => loss: 0.4989, acc: 0.7424
[2026-05-03 16:59:42 INFO]: [MLP] Epoch 110/1000  |  Train => loss: 0.4944, acc: 0.7448  |  Val => loss: 0.4989, acc: 0.7439
[2026-05-03 16:59:44 INFO]: [MLP] Epoch 120/1000  |  Train => loss: 0.4942, acc: 0.7437  |  Val => loss: 0.4989, acc: 0.7506
[2026-05-03 16:59:46 INFO]: [MLP] Epoch 130/1000  |  Train => loss: 0.4938, acc: 0.7456  |  Val => loss: 0.4982, acc: 0.7426
[2026-05-03 16:59:48 INFO]: [MLP] Epoch 140/1000  |  Train => loss: 0.4937, acc: 0.7475  |  Val => loss: 0.4979, acc: 0.7492
[2026-05-03 16:59:50 INFO]: [MLP] Epoch 150/1000  |  Train => loss: 0.4932, acc: 0.7480  |  Val => loss: 0.4975, acc: 0.7511
[2026-05-03 16:59:52 INFO]: [MLP] Epoch 160/1000  |  Train => loss: 0.4933, acc: 0.7474  |  Val => loss: 0.4976, acc: 0.7540
[2026-05-03 16:59:54 INFO]: [MLP] Epoch 170/1000  |  Train => loss: 0.4929, acc: 0.7514  |  Val => loss: 0.4970, acc: 0.7451
[2026-05-03 16:59:57 INFO]: [MLP] Epoch 180/1000  |  Train => loss: 0.4927, acc: 0.7508  |  Val => loss: 0.4969, acc: 0.7456
[2026-05-03 16:59:59 INFO]: [MLP] Epoch 190/1000  |  Train => loss: 0.4925, acc: 0.7495  |  Val => loss: 0.4969, acc: 0.7563
[2026-05-03 17:00:01 INFO]: [MLP] Epoch 200/1000  |  Train => loss: 0.4924, acc: 0.7508  |  Val => loss: 0.4962, acc: 0.7502
[2026-05-03 17:00:03 INFO]: [MLP] Epoch 210/1000  |  Train => loss: 0.4920, acc: 0.7517  |  Val => loss: 0.4960, acc: 0.7582
[2026-05-03 17:00:05 INFO]: [MLP] Epoch 220/1000  |  Train => loss: 0.4915, acc: 0.7543  |  Val => loss: 0.4962, acc: 0.7468
[2026-05-03 17:00:07 INFO]: [MLP] Epoch 230/1000  |  Train => loss: 0.4913, acc: 0.7563  |  Val => loss: 0.4957, acc: 0.7584
[2026-05-03 17:00:09 INFO]: [MLP] Epoch 240/1000  |  Train => loss: 0.4912, acc: 0.7543  |  Val => loss: 0.4952, acc: 0.7593
[2026-05-03 17:00:10 INFO]: [MLP] Epoch 250/1000  |  Train => loss: 0.4907, acc: 0.7556  |  Val => loss: 0.4955, acc: 0.7542
[2026-05-03 17:00:13 INFO]: [MLP] Epoch 260/1000  |  Train => loss: 0.4905, acc: 0.7589  |  Val => loss: 0.4948, acc: 0.7601
[2026-05-03 17:00:15 INFO]: [MLP] Epoch 270/1000  |  Train => loss: 0.4901, acc: 0.7565  |  Val => loss: 0.4956, acc: 0.7523
[2026-05-03 17:00:17 INFO]: [MLP] Epoch 280/1000  |  Train => loss: 0.4900, acc: 0.7609  |  Val => loss: 0.4950, acc: 0.7608
[2026-05-03 17:00:19 INFO]: [MLP] Epoch 290/1000  |  Train => loss: 0.4896, acc: 0.7609  |  Val => loss: 0.4955, acc: 0.7534
[2026-05-03 17:00:21 INFO]: [MLP] Epoch 300/1000  |  Train => loss: 0.4897, acc: 0.7610  |  Val => loss: 0.4938, acc: 0.7603
[2026-05-03 17:00:23 INFO]: [MLP] Epoch 310/1000  |  Train => loss: 0.4892, acc: 0.7624  |  Val => loss: 0.4941, acc: 0.7616
[2026-05-03 17:00:25 INFO]: [MLP] Epoch 320/1000  |  Train => loss: 0.4886, acc: 0.7625  |  Val => loss: 0.4940, acc: 0.7605
[2026-05-03 17:00:27 INFO]: [MLP] Epoch 330/1000  |  Train => loss: 0.4884, acc: 0.7624  |  Val => loss: 0.4939, acc: 0.7616
[2026-05-03 17:00:29 INFO]: [MLP] Epoch 340/1000  |  Train => loss: 0.4882, acc: 0.7657  |  Val => loss: 0.4929, acc: 0.7605
[2026-05-03 17:00:32 INFO]: [MLP] Epoch 350/1000  |  Train => loss: 0.4879, acc: 0.7666  |  Val => loss: 0.4931, acc: 0.7618
[2026-05-03 17:00:34 INFO]: [MLP] Epoch 360/1000  |  Train => loss: 0.4874, acc: 0.7675  |  Val => loss: 0.4934, acc: 0.7603
[2026-05-03 17:00:36 INFO]: [MLP] Epoch 370/1000  |  Train => loss: 0.4872, acc: 0.7661  |  Val => loss: 0.4943, acc: 0.7508
[2026-05-03 17:00:38 INFO]: [MLP] Epoch 380/1000  |  Train => loss: 0.4872, acc: 0.7679  |  Val => loss: 0.4934, acc: 0.7620
[2026-05-03 17:00:40 INFO]: [MLP] Epoch 390/1000  |  Train => loss: 0.4870, acc: 0.7674  |  Val => loss: 0.4926, acc: 0.7622
[2026-05-03 17:00:42 INFO]: [MLP] Epoch 400/1000  |  Train => loss: 0.4868, acc: 0.7694  |  Val => loss: 0.4928, acc: 0.7629
[2026-05-03 17:00:44 INFO]: [MLP] Epoch 410/1000  |  Train => loss: 0.4864, acc: 0.7665  |  Val => loss: 0.4940, acc: 0.7627
[2026-05-03 17:00:47 INFO]: [MLP] Epoch 420/1000  |  Train => loss: 0.4864, acc: 0.7692  |  Val => loss: 0.4925, acc: 0.7637
[2026-05-03 17:00:49 INFO]: [MLP] Epoch 430/1000  |  Train => loss: 0.4861, acc: 0.7690  |  Val => loss: 0.4930, acc: 0.7635
[2026-05-03 17:00:51 INFO]: [MLP] Epoch 440/1000  |  Train => loss: 0.4863, acc: 0.7679  |  Val => loss: 0.4928, acc: 0.7635
[2026-05-03 17:00:53 INFO]: [MLP] Epoch 450/1000  |  Train => loss: 0.4859, acc: 0.7700  |  Val => loss: 0.4930, acc: 0.7641
[2026-05-03 17:00:55 INFO]: [MLP] Epoch 460/1000  |  Train => loss: 0.4856, acc: 0.7691  |  Val => loss: 0.4935, acc: 0.7643
[2026-05-03 17:00:57 INFO]: [MLP] Epoch 470/1000  |  Train => loss: 0.4857, acc: 0.7693  |  Val => loss: 0.4934, acc: 0.7629
[2026-05-03 17:00:59 INFO]: [MLP] Epoch 480/1000  |  Train => loss: 0.4855, acc: 0.7689  |  Val => loss: 0.4929, acc: 0.7654
[2026-05-03 17:01:02 INFO]: [MLP] Epoch 490/1000  |  Train => loss: 0.4853, acc: 0.7712  |  Val => loss: 0.4935, acc: 0.7652
[2026-05-03 17:01:04 INFO]: [MLP] Epoch 500/1000  |  Train => loss: 0.4851, acc: 0.7711  |  Val => loss: 0.4954, acc: 0.7629
[2026-05-03 17:01:06 INFO]: [MLP] Epoch 510/1000  |  Train => loss: 0.4850, acc: 0.7713  |  Val => loss: 0.4924, acc: 0.7658
[2026-05-03 17:01:08 INFO]: [MLP] Epoch 520/1000  |  Train => loss: 0.4850, acc: 0.7700  |  Val => loss: 0.4928, acc: 0.7650
[2026-05-03 17:01:10 INFO]: [MLP] Epoch 530/1000  |  Train => loss: 0.4849, acc: 0.7710  |  Val => loss: 0.4917, acc: 0.7669
[2026-05-03 17:01:12 INFO]: [MLP] Epoch 540/1000  |  Train => loss: 0.4847, acc: 0.7713  |  Val => loss: 0.4921, acc: 0.7667
[2026-05-03 17:01:15 INFO]: [MLP] Epoch 550/1000  |  Train => loss: 0.4849, acc: 0.7703  |  Val => loss: 0.4928, acc: 0.7662
[2026-05-03 17:01:17 INFO]: [MLP] Epoch 560/1000  |  Train => loss: 0.4845, acc: 0.7690  |  Val => loss: 0.4916, acc: 0.7665
[2026-05-03 17:01:19 INFO]: [MLP] Epoch 570/1000  |  Train => loss: 0.4843, acc: 0.7718  |  Val => loss: 0.4939, acc: 0.7622
[2026-05-03 17:01:21 INFO]: [MLP] Epoch 580/1000  |  Train => loss: 0.4843, acc: 0.7713  |  Val => loss: 0.4922, acc: 0.7669
[2026-05-03 17:01:23 INFO]: [MLP] Epoch 590/1000  |  Train => loss: 0.4840, acc: 0.7688  |  Val => loss: 0.4930, acc: 0.7658
[2026-05-03 17:01:25 INFO]: [MLP] Epoch 600/1000  |  Train => loss: 0.4839, acc: 0.7729  |  Val => loss: 0.4911, acc: 0.7662
[2026-05-03 17:01:28 INFO]: [MLP] Epoch 610/1000  |  Train => loss: 0.4838, acc: 0.7703  |  Val => loss: 0.4932, acc: 0.7660
[2026-05-03 17:01:30 INFO]: [MLP] Epoch 620/1000  |  Train => loss: 0.4841, acc: 0.7714  |  Val => loss: 0.4925, acc: 0.7660
[2026-05-03 17:01:32 INFO]: [MLP] Epoch 630/1000  |  Train => loss: 0.4838, acc: 0.7718  |  Val => loss: 0.4909, acc: 0.7662
[2026-05-03 17:01:34 INFO]: [MLP] Epoch 640/1000  |  Train => loss: 0.4843, acc: 0.7711  |  Val => loss: 0.4925, acc: 0.7675
[2026-05-03 17:01:37 INFO]: [MLP] Epoch 650/1000  |  Train => loss: 0.4836, acc: 0.7731  |  Val => loss: 0.4946, acc: 0.7646
[2026-05-03 17:01:39 INFO]: [MLP] Epoch 660/1000  |  Train => loss: 0.4838, acc: 0.7716  |  Val => loss: 0.4919, acc: 0.7660
[2026-05-03 17:01:41 INFO]: [MLP] Epoch 670/1000  |  Train => loss: 0.4836, acc: 0.7716  |  Val => loss: 0.4914, acc: 0.7671
[2026-05-03 17:01:43 INFO]: [MLP] Epoch 680/1000  |  Train => loss: 0.4835, acc: 0.7712  |  Val => loss: 0.4923, acc: 0.7658
[2026-05-03 17:01:45 INFO]: [MLP] Epoch 690/1000  |  Train => loss: 0.4832, acc: 0.7715  |  Val => loss: 0.4929, acc: 0.7673
[2026-05-03 17:01:48 INFO]: [MLP] Epoch 700/1000  |  Train => loss: 0.4831, acc: 0.7708  |  Val => loss: 0.4919, acc: 0.7650
[2026-05-03 17:01:50 INFO]: [MLP] Epoch 710/1000  |  Train => loss: 0.4827, acc: 0.7719  |  Val => loss: 0.4991, acc: 0.7530
[2026-05-03 17:01:52 INFO]: [MLP] Epoch 720/1000  |  Train => loss: 0.4832, acc: 0.7730  |  Val => loss: 0.4916, acc: 0.7673
[2026-05-03 17:01:54 INFO]: [MLP] Epoch 730/1000  |  Train => loss: 0.4830, acc: 0.7718  |  Val => loss: 0.4927, acc: 0.7690
[2026-05-03 17:01:56 INFO]: [MLP] Epoch 740/1000  |  Train => loss: 0.4832, acc: 0.7714  |  Val => loss: 0.4920, acc: 0.7673
[2026-05-03 17:01:58 INFO]: [MLP] Epoch 750/1000  |  Train => loss: 0.4826, acc: 0.7727  |  Val => loss: 0.4929, acc: 0.7652
[2026-05-03 17:02:00 INFO]: [MLP] Epoch 760/1000  |  Train => loss: 0.4829, acc: 0.7725  |  Val => loss: 0.4925, acc: 0.7667
[2026-05-03 17:02:02 INFO]: [MLP] Epoch 770/1000  |  Train => loss: 0.4826, acc: 0.7704  |  Val => loss: 0.4917, acc: 0.7692
[2026-05-03 17:02:04 INFO]: [MLP] Epoch 780/1000  |  Train => loss: 0.4825, acc: 0.7722  |  Val => loss: 0.4909, acc: 0.7679
[2026-05-03 17:02:06 INFO]: [MLP] Epoch 790/1000  |  Train => loss: 0.4825, acc: 0.7709  |  Val => loss: 0.4903, acc: 0.7675
[2026-05-03 17:02:08 INFO]: [MLP] Epoch 800/1000  |  Train => loss: 0.4829, acc: 0.7722  |  Val => loss: 0.4929, acc: 0.7675
[2026-05-03 17:02:10 INFO]: [MLP] Epoch 810/1000  |  Train => loss: 0.4823, acc: 0.7727  |  Val => loss: 0.4899, acc: 0.7679
[2026-05-03 17:02:12 INFO]: [MLP] Epoch 820/1000  |  Train => loss: 0.4822, acc: 0.7727  |  Val => loss: 0.4928, acc: 0.7652
[2026-05-03 17:02:14 INFO]: [MLP] Epoch 830/1000  |  Train => loss: 0.4819, acc: 0.7735  |  Val => loss: 0.4900, acc: 0.7681
[2026-05-03 17:02:16 INFO]: [MLP] Epoch 840/1000  |  Train => loss: 0.4817, acc: 0.7729  |  Val => loss: 0.4908, acc: 0.7671
[2026-05-03 17:02:18 INFO]: [MLP] Epoch 850/1000  |  Train => loss: 0.4816, acc: 0.7731  |  Val => loss: 0.4904, acc: 0.7673
[2026-05-03 17:02:20 INFO]: [MLP] Epoch 860/1000  |  Train => loss: 0.4817, acc: 0.7710  |  Val => loss: 0.4895, acc: 0.7679
[2026-05-03 17:02:22 INFO]: [MLP] Epoch 870/1000  |  Train => loss: 0.4814, acc: 0.7725  |  Val => loss: 0.4906, acc: 0.7660
[2026-05-03 17:02:25 INFO]: [MLP] Epoch 880/1000  |  Train => loss: 0.4812, acc: 0.7729  |  Val => loss: 0.4890, acc: 0.7677
[2026-05-03 17:02:27 INFO]: [MLP] Epoch 890/1000  |  Train => loss: 0.4812, acc: 0.7731  |  Val => loss: 0.4890, acc: 0.7671
[2026-05-03 17:02:29 INFO]: [MLP] Epoch 900/1000  |  Train => loss: 0.4803, acc: 0.7750  |  Val => loss: 0.4888, acc: 0.7688
[2026-05-03 17:02:31 INFO]: [MLP] Epoch 910/1000  |  Train => loss: 0.4810, acc: 0.7744  |  Val => loss: 0.4899, acc: 0.7684
[2026-05-03 17:02:33 INFO]: [MLP] Epoch 920/1000  |  Train => loss: 0.4809, acc: 0.7741  |  Val => loss: 0.4898, acc: 0.7692
[2026-05-03 17:02:35 INFO]: [MLP] Epoch 930/1000  |  Train => loss: 0.4805, acc: 0.7727  |  Val => loss: 0.4902, acc: 0.7700
[2026-05-03 17:02:37 INFO]: [MLP] Epoch 940/1000  |  Train => loss: 0.4804, acc: 0.7744  |  Val => loss: 0.4897, acc: 0.7673
[2026-05-03 17:02:39 INFO]: [MLP] Epoch 950/1000  |  Train => loss: 0.4803, acc: 0.7727  |  Val => loss: 0.4930, acc: 0.7652
[2026-05-03 17:02:41 INFO]: [MLP] Epoch 960/1000  |  Train => loss: 0.4804, acc: 0.7734  |  Val => loss: 0.4908, acc: 0.7684
[2026-05-03 17:02:43 INFO]: [MLP] Epoch 970/1000  |  Train => loss: 0.4801, acc: 0.7727  |  Val => loss: 0.4884, acc: 0.7679
[2026-05-03 17:02:45 INFO]: [MLP] Epoch 980/1000  |  Train => loss: 0.4803, acc: 0.7731  |  Val => loss: 0.4892, acc: 0.7692
[2026-05-03 17:02:47 INFO]: [MLP] Epoch 990/1000  |  Train => loss: 0.4797, acc: 0.7746  |  Val => loss: 0.4922, acc: 0.7662
[2026-05-03 17:02:49 INFO]: [MLP] Epoch 1000/1000  |  Train => loss: 0.4799, acc: 0.7738  |  Val => loss: 0.4892, acc: 0.7690
[2026-05-03 17:02:49 INFO]: [MLP] Training and validation finished.
[2026-05-03 17:02:49 INFO]: [MLP] Training plot saved to: visualization/plot.png
[2026-05-03 17:02:49 INFO]: [MLP] Experiment results:
  Accuracy: 76.8987%
  Confusion matrix:
               in_port  at_sea_anchor  at_sea_voyage
in_port           2859             76              2
at_sea_anchor     1016            204              0
at_sea_voyage        0              1            582
